should create Gateway and Service resources if enabled:
  1: |
    apiVersion: gateway.networking.k8s.io/v1
    kind: GatewayClass
    metadata:
      finalizers:
        - gateway-exists-finalizer.gateway.networking.k8s.io
      name: RELEASE-NAME-container-agent-ssh
      namespace: NAMESPACE
    spec:
      controllerName: example.net/gateway-controller
      parametersRef:
        group: test.group
        kind: testKind
        name: testName
        namespace: testNamespace
  2: |
    apiVersion: gateway.networking.k8s.io/v1
    kind: Gateway
    metadata:
      name: RELEASE-NAME-container-agent-ssh
      namespace: NAMESPACE
    spec:
      gatewayClassName: RELEASE-NAME-container-agent-ssh
      listeners:
        - allowedRoutes:
            kinds:
              - kind: TCPRoute
          name: ssh-22
          port: 22
          protocol: TCP
        - allowedRoutes:
            kinds:
              - kind: TCPRoute
          name: ssh-23
          port: 23
          protocol: TCP
        - allowedRoutes:
            kinds:
              - kind: TCPRoute
          name: ssh-24
          port: 24
          protocol: TCP
  3: |
    apiVersion: gateway.networking.k8s.io/v1alpha2
    kind: TCPRoute
    metadata:
      name: ssh-22
      namespace: NAMESPACE
    spec:
      parentRefs:
        - name: RELEASE-NAME-container-agent-ssh
          sectionName: ssh-22
      rules:
        - backendRefs:
            - name: RELEASE-NAME-container-agent-ssh
              port: 22
  4: |
    apiVersion: gateway.networking.k8s.io/v1alpha2
    kind: TCPRoute
    metadata:
      name: ssh-23
      namespace: NAMESPACE
    spec:
      parentRefs:
        - name: RELEASE-NAME-container-agent-ssh
          sectionName: ssh-23
      rules:
        - backendRefs:
            - name: RELEASE-NAME-container-agent-ssh
              port: 23
  5: |
    apiVersion: gateway.networking.k8s.io/v1alpha2
    kind: TCPRoute
    metadata:
      name: ssh-24
      namespace: NAMESPACE
    spec:
      parentRefs:
        - name: RELEASE-NAME-container-agent-ssh
          sectionName: ssh-24
      rules:
        - backendRefs:
            - name: RELEASE-NAME-container-agent-ssh
              port: 24
  6: |
    apiVersion: v1
    kind: Service
    metadata:
      name: RELEASE-NAME-container-agent-ssh
      namespace: NAMESPACE
    spec:
      ports:
        - name: ssh-22
          port: 22
          protocol: TCP
          targetPort: ssh-22
        - name: ssh-23
          port: 23
          protocol: TCP
          targetPort: ssh-23
        - name: ssh-24
          port: 24
          protocol: TCP
          targetPort: ssh-24
      selector:
        app.kubernetes.io/managed-by: circleci-container-agent
